ordinary unresolved
reverse unresolved
equal-assets unresolved
correlation-3 unresolved
correlation-4 unresolved
correlation-5 unresolved
correlation-6 unresolved
correlation-7 unresolved
correlation-8 unresolved
correlation-9 unresolved
correlation-10 unresolved
correlation-11 unresolved
correlation-12 unresolved
correlation-13 unresolved
correlation-14 unresolved
correlation-15 unresolved
correlation-16 unresolved
correlation-17 unresolved
correlation-18 unresolved
correlation-19 unresolved
correlation-20 unresolved
correlation-21 unresolved
correlation-22 unresolved
correlation-23 interval
correlation-24 unresolved
correlation-25 unresolved
correlation-26 unresolved
correlation-27 unresolved
expiry-28 interval
expiry-29 interval
expiry-30 interval
expiry-31 interval
expiry-32 interval
expiry-33 interval
zero-receive interval
zero-deliver interval
zero-variance interval
zero-variance-atm interval
currency--1000 unresolved
currency--500 unresolved
currency-500 unresolved
currency-1000 unresolved
time-42 unresolved
time-43 unresolved
time-44 unresolved
time-45 unresolved
volatility-46 interval
volatility-47 unresolved
volatility-48 unresolved
volatility-49 unresolved
negative-yield unresolved
discount-overflow unresolved
carry-cancellation interval
deep-otm interval
deep-itm unresolved
exact-only unresolved
demanding-limit unresolved
invalid-57 invalid_input
invalid-58 invalid_input
invalid-59 invalid_input
invalid-60 invalid_input
invalid-61 invalid_input
invalid-62 invalid_input
invalid-63 invalid_input
invalid-64 invalid_accuracy
invalid-65 invalid_accuracy
grid-0066 unresolved
grid-0066-reverse unresolved
grid-0068 unresolved
grid-0068-reverse unresolved
grid-0070 unresolved
grid-0070-reverse unresolved
grid-0072 unresolved
grid-0072-reverse unresolved
grid-0074 unresolved
grid-0074-reverse unresolved
grid-0076 unresolved
grid-0076-reverse unresolved
grid-0078 unresolved
grid-0078-reverse unresolved
grid-0080 unresolved
grid-0080-reverse unresolved
grid-0082 unresolved
grid-0082-reverse unresolved
grid-0084 unresolved
grid-0084-reverse unresolved
grid-0086 unresolved
grid-0086-reverse unresolved
grid-0088 unresolved
grid-0088-reverse unresolved
grid-0090 unresolved
grid-0090-reverse unresolved
grid-0092 unresolved
grid-0092-reverse unresolved
grid-0094 unresolved
grid-0094-reverse unresolved
grid-0096 unresolved
grid-0096-reverse unresolved
grid-0098 unresolved
grid-0098-reverse unresolved
grid-0100 unresolved
grid-0100-reverse unresolved
grid-0102 unresolved
grid-0102-reverse unresolved
grid-0104 unresolved
grid-0104-reverse unresolved
grid-0106 unresolved
grid-0106-reverse unresolved
grid-0108 unresolved
grid-0108-reverse unresolved
grid-0110 unresolved
grid-0110-reverse unresolved
grid-0112 unresolved
grid-0112-reverse unresolved
grid-0114 unresolved
grid-0114-reverse unresolved
grid-0116 unresolved
grid-0116-reverse unresolved
grid-0118 unresolved
grid-0118-reverse unresolved
grid-0120 unresolved
grid-0120-reverse unresolved
grid-0122 unresolved
grid-0122-reverse unresolved
grid-0124 unresolved
grid-0124-reverse unresolved
grid-0126 unresolved
grid-0126-reverse unresolved
grid-0128 unresolved
grid-0128-reverse unresolved
grid-0130 unresolved
grid-0130-reverse unresolved
grid-0132 unresolved
grid-0132-reverse unresolved
grid-0134 unresolved
grid-0134-reverse unresolved
grid-0136 unresolved
grid-0136-reverse unresolved
grid-0138 unresolved
grid-0138-reverse unresolved
grid-0140 unresolved
grid-0140-reverse unresolved
grid-0142 unresolved
grid-0142-reverse unresolved
grid-0144 unresolved
grid-0144-reverse unresolved
grid-0146 unresolved
grid-0146-reverse unresolved
grid-0148 unresolved
grid-0148-reverse unresolved
grid-0150 unresolved
grid-0150-reverse unresolved
grid-0152 unresolved
grid-0152-reverse unresolved
grid-0154 unresolved
grid-0154-reverse unresolved
grid-0156 unresolved
grid-0156-reverse unresolved
grid-0158 unresolved
grid-0158-reverse unresolved
grid-0160 unresolved
grid-0160-reverse unresolved
grid-0162 unresolved
grid-0162-reverse unresolved
grid-0164 unresolved
grid-0164-reverse unresolved
grid-0166 unresolved
grid-0166-reverse unresolved
grid-0168 unresolved
grid-0168-reverse unresolved
grid-0170 unresolved
grid-0170-reverse unresolved
grid-0172 unresolved
