File "test/types/american_inverse_is_not_root.expected", line 1, characters 0-0:
diff --git a/_build/default/test/types/american_inverse_is_not_root.expected b/_build/default/test/types/american_inverse_is_not_root.out
index b9a2481..dc9da9d 100644
--- a/_build/default/test/types/american_inverse_is_not_root.expected
+++ b/_build/default/test/types/american_inverse_is_not_root.out
@@ -1,5 +1,5 @@
-File "american_inverse_is_not_root.ml", line 4, characters 2-3:
-4 |   x
+File "american_inverse_is_not_root.ml", line 5, characters 2-3:
+5 |   x
       ^
 Error: The value "x" has type
          "Morphiq_risk.Early_exercise.Bsm.Implied_volatility.estimated_interval"
American inverse controls passed
ROOT call-80-0-american 0x1.8p-3 0x1.c666666666666p-3 6
ROW call-80-0-american interval 8495a6be000000f3000000000000007d0000006890d0b00c000000000000c83f08000033000c504704523aa2ee3f40324575726f7065616e2d726564756374696f6e0c000000000000f03f40400c00000000000000000cd0699d1f73f8893c0cd0699d1f73f8893c080000270040404040400c000000000000000040404040400cd0699d1f73f8993cb00c666666666666cc3f08000033000c0e7ec3c8c510fa3f40324575726f7065616e2d726564756374696f6e0c000000000000f03f40400c00000000000000000cb18b0ffdf51c813c0cb18b0ffdf51c813c080000270040404040400c000000000000000040404040400cb18b0ffdf51c913c0c9a9999999999a93f4640
ROOT call-80-0-bermudan 0x1.8p-3 0x1.c666666666666p-3 6
ROW call-80-0-bermudan interval 8495a6be000000f3000000000000007d0000006890d0b00c000000000000c83f08000033000c504704523aa2ee3f40324575726f7065616e2d726564756374696f6e0c000000000000f03f40400c00000000000000000cd0699d1f73f8893c0cd0699d1f73f8893c080000270040404540400c000000000000000040404040400cd0699d1f73f8993cb00c666666666666cc3f08000033000c0e7ec3c8c510fa3f40324575726f7065616e2d726564756374696f6e0c000000000000f03f40400c00000000000000000cb18b0ffdf51c813c0cb18b0ffdf51c813c080000270040404540400c000000000000000040404040400cb18b0ffdf51c913c0c9a9999999999a93f4640
ROOT call-80-0.05-american 0x1.8p-3 0x1.c666666666666p-3 6
ROW call-80-0.05-american interval 8495a6be000000f3000000000000007d0000006890d0b00c000000000000c83f08000033000c5ef6f1bae81af93f40324575726f7065616e2d726564756374696f6e0c000000000000f03f40400c00000000000000000c88d04fd920039b3c0c88d04fd920039b3c080000270040404040400c000000000000000040404040400c88d04fd92003ab3cb00c666666666666cc3f08000033000c55496bc25132034040324575726f7065616e2d726564756374696f6e0c000000000000f03f40400c00000000000000000c6230dc33aeec753c0c6230dc33aeec753c080000270040404040400c000000000000000040404040400c6230dc33aeec853c0c9a9999999999a93f4640
ROOT call-80-0.05-bermudan 0x1.8p-3 0x1.c666666666666p-3 6
ROW call-80-0.05-bermudan interval 8495a6be000000f3000000000000007d0000006890d0b00c000000000000c83f08000033000c5ef6f1bae81af93f40324575726f7065616e2d726564756374696f6e0c000000000000f03f40400c00000000000000000c88d04fd920039b3c0c88d04fd920039b3c080000270040404540400c000000000000000040404040400c88d04fd92003ab3cb00c666666666666cc3f08000033000c55496bc25132034040324575726f7065616e2d726564756374696f6e0c000000000000f03f40400c00000000000000000c6230dc33aeec753c0c6230dc33aeec753c080000270040404540400c000000000000000040404040400c6230dc33aeec853c0c9a9999999999a93f4640
ROOT call-100-0-american 0x1.8p-3 0x1.c666666666666p-3 6
ROW call-100-0-american interval 8495a6be000000f3000000000000007d0000006890d0b00c000000000000c83f08000033000c01fabd7e7ce01d4040324575726f7065616e2d726564756374696f6e0c000000000000f03f40400c00000000000000000c5c06c2b2926db03c0c5c06c2b2926db03c080000270040404040400c000000000000000040404040400c5c06c2b2926dc03cb00c666666666666cc3f08000033000ca282e89ab4aa214040324575726f7065616e2d726564756374696f6e0c000000000000f03f40400c00000000000000000ca8c54de52751c73c0ca8c54de52751c73c080000270040404040400c000000000000000040404040400ca8c54de52751d73c0c9a9999999999a93f4640
ROOT call-100-0-bermudan 0x1.8p-3 0x1.c666666666666p-3 6
ROW call-100-0-bermudan interval 8495a6be000000f3000000000000007d0000006890d0b00c000000000000c83f08000033000c01fabd7e7ce01d4040324575726f7065616e2d726564756374696f6e0c000000000000f03f40400c00000000000000000c5c06c2b2926db03c0c5c06c2b2926db03c080000270040404540400c000000000000000040404040400c5c06c2b2926dc03cb00c666666666666cc3f08000033000ca282e89ab4aa214040324575726f7065616e2d726564756374696f6e0c000000000000f03f40400c00000000000000000ca8c54de52751c73c0ca8c54de52751c73c080000270040404540400c000000000000000040404040400ca8c54de52751d73c0c9a9999999999a93f4640
ROOT call-100-0.05-american 0x1.8p-3 0x1.c666666666666p-3 6
ROW call-100-0.05-american interval 8495a6be000000f3000000000000007d0000006890d0b00c000000000000c83f08000033000caae745a6f8f6234040324575726f7065616e2d726564756374696f6e0c000000000000f03f40400c00000000000000000c3b4f166b8439a13c0c3b4f166b8439a13c080000270040404040400c000000000000000040404040400c3b4f166b8439b13cb00c666666666666cc3f08000033000c492128bd068c264040324575726f7065616e2d726564756374696f6e0c000000000000f03f40400c00000000000000000ca2451aaaec6bb43c0ca2451aaaec6bb43c080000270040404040400c000000000000000040404040400ca2451aaaec6bc43c0c9a9999999999a93f4640
ROOT call-100-0.05-bermudan 0x1.8p-3 0x1.c666666666666p-3 6
ROW call-100-0.05-bermudan interval 8495a6be000000f3000000000000007d0000006890d0b00c000000000000c83f08000033000caae745a6f8f6234040324575726f7065616e2d726564756374696f6e0c000000000000f03f40400c00000000000000000c3b4f166b8439a13c0c3b4f166b8439a13c080000270040404540400c000000000000000040404040400c3b4f166b8439b13cb00c666666666666cc3f08000033000c492128bd068c264040324575726f7065616e2d726564756374696f6e0c000000000000f03f40400c00000000000000000ca2451aaaec6bb43c0ca2451aaaec6bb43c080000270040404540400c000000000000000040404040400ca2451aaaec6bc43c0c9a9999999999a93f4640
ROOT call-120-0-american 0x1.8p-3 0x1.c666666666666p-3 6
ROW call-120-0-american interval 8495a6be000000f3000000000000007d0000006890d0b00c000000000000c83f08000033000c59d61b0f57cc354040324575726f7065616e2d726564756374696f6e0c000000000000f03f40400c00000000000000000cf05e8fbc2f47d13c0cf05e8fbc2f47d13c080000270040404040400c000000000000000040404040400cf05e8fbc2f47e13cb00c666666666666cc3f08000033000c30a6999717cd364040324575726f7065616e2d726564756374696f6e0c000000000000f03f40400c00000000000000000c95c5a75c7e30d53c0c95c5a75c7e30d53c080000270040404040400c000000000000000040404040400c95c5a75c7e30e53c0c9a9999999999a93f4640
ROOT call-120-0-bermudan 0x1.8p-3 0x1.c666666666666p-3 6
ROW call-120-0-bermudan interval 8495a6be000000f3000000000000007d0000006890d0b00c000000000000c83f08000033000c59d61b0f57cc354040324575726f7065616e2d726564756374696f6e0c000000000000f03f40400c00000000000000000cf05e8fbc2f47d13c0cf05e8fbc2f47d13c080000270040404540400c000000000000000040404040400cf05e8fbc2f47e13cb00c666666666666cc3f08000033000c30a6999717cd364040324575726f7065616e2d726564756374696f6e0c000000000000f03f40400c00000000000000000c95c5a75c7e30d53c0c95c5a75c7e30d53c080000270040404540400c000000000000000040404040400c95c5a75c7e30e53c0c9a9999999999a93f4640
ROOT call-120-0.05-american 0x1.8p-3 0x1.c666666666666p-3 6
ROW call-120-0.05-american interval 8495a6be000000f3000000000000007d0000006890d0b00c000000000000c83f08000033000c9a8c793e26e9394040324575726f7065616e2d726564756374696f6e0c000000000000f03f40400c00000000000000000cfa254ca7b918883c0cfa254ca7b918883c080000270040404040400c000000000000000040404040400cfa254ca7b918983cb00c666666666666cc3f08000033000c947d9fe591ac3a4040324575726f7065616e2d726564756374696f6e0c000000000000f03f40400c00000000000000000cd343da865c50ce3c0cd343da865c50ce3c080000270040404040400c000000000000000040404040400cd343da865c50de3c0c9a9999999999a93f4640
ROOT call-120-0.05-bermudan 0x1.8p-3 0x1.c666666666666p-3 6
ROW call-120-0.05-bermudan interval 8495a6be000000f3000000000000007d0000006890d0b00c000000000000c83f08000033000c9a8c793e26e9394040324575726f7065616e2d726564756374696f6e0c000000000000f03f40400c00000000000000000cfa254ca7b918883c0cfa254ca7b918883c080000270040404540400c000000000000000040404040400cfa254ca7b918983cb00c666666666666cc3f08000033000c947d9fe591ac3a4040324575726f7065616e2d726564756374696f6e0c000000000000f03f40400c00000000000000000cd343da865c50ce3c0cd343da865c50ce3c080000270040404540400c000000000000000040404040400cd343da865c50de3c0c9a9999999999a93f4640
ROOT terminal-call--0.05-american 0x1.8p-3 0x1.c666666666666p-3 6
ROW terminal-call--0.05-american interval 8495a6be000000f3000000000000007d0000006890d0b00c000000000000c83f08000033000c45ba2dbc4937124040324575726f7065616e2d726564756374696f6e0c000000000000f03f40400c00000000000000000c8b9c7448f4f3bd3c0c8b9c7448f4f3bd3c080000270040404040400c000000000000000040404040400c8b9c7448f4f3cd3cb00c666666666666cc3f08000033000c5711fb373e70174040324575726f7065616e2d726564756374696f6e0c000000000000f03f40400c00000000000000000cadfad42db96dae3c0cadfad42db96dae3c080000270040404040400c000000000000000040404040400cadfad42db96dbe3c0c9a9999999999a93f4640
ROOT terminal-call--0.05-bermudan 0x1.8p-3 0x1.c666666666666p-3 6
ROW terminal-call--0.05-bermudan interval 8495a6be000000f3000000000000007d0000006890d0b00c000000000000c83f08000033000c45ba2dbc4937124040324575726f7065616e2d726564756374696f6e0c000000000000f03f40400c00000000000000000c8b9c7448f4f3bd3c0c8b9c7448f4f3bd3c080000270040404140400c000000000000000040404040400c8b9c7448f4f3cd3cb00c666666666666cc3f08000033000c5711fb373e70174040324575726f7065616e2d726564756374696f6e0c000000000000f03f40400c00000000000000000cadfad42db96dae3c0cadfad42db96dae3c080000270040404140400c000000000000000040404040400cadfad42db96dbe3c0c9a9999999999a93f4640
ROOT terminal-call-0.05-american 0x1.8p-3 0x1.c666666666666p-3 6
ROW terminal-call-0.05-american interval 8495a6be000000f3000000000000007d0000006890d0b00c000000000000c83f08000033000cd191765fc481214040324575726f7065616e2d726564756374696f6e0c000000000000f03f40400c00000000000000000c429b36842ae8ca3c0c429b36842ae8ca3c080000270040404040400c000000000000000040404040400c429b36842ae8da3cb00c666666666666cc3f08000033000c359ea638f31c244040324575726f7065616e2d726564756374696f6e0c000000000000f03f40400c00000000000000000c0d5009171e35c23c0c0d5009171e35c23c080000270040404040400c000000000000000040404040400c0d5009171e35d23c0c9a9999999999a93f4640
ROOT terminal-call-0.05-bermudan 0x1.8p-3 0x1.c666666666666p-3 6
ROW terminal-call-0.05-bermudan interval 8495a6be000000f3000000000000007d0000006890d0b00c000000000000c83f08000033000cd191765fc481214040324575726f7065616e2d726564756374696f6e0c000000000000f03f40400c00000000000000000c429b36842ae8ca3c0c429b36842ae8ca3c080000270040404140400c000000000000000040404040400c429b36842ae8da3cb00c666666666666cc3f08000033000c359ea638f31c244040324575726f7065616e2d726564756374696f6e0c000000000000f03f40400c00000000000000000c0d5009171e35c23c0c0d5009171e35c23c080000270040404140400c000000000000000040404040400c0d5009171e35d23c0c9a9999999999a93f4640
ROOT terminal-put--0.05-american 0x1.8p-3 0x1.c666666666666p-3 6
ROW terminal-put--0.05-american interval 8495a6be000000f3000000000000007d0000006890d0b00c000000000000c83f08000033000c60dcc8548d52274040324575726f7065616e2d726564756374696f6e0c000000000000f03f40400c00000000000000000c91fa7b169321a33c0c91fa7b169321a33c080000270040404040400c000000000000000040404040400c91fa7b169321b33cb00c666666666666cc3f08000033000ce987af9207ef294040324575726f7065616e2d726564756374696f6e0c000000000000f03f40400c00000000000000000cc015c83ce14db83c0cc015c83ce14db83c080000270040404040400c000000000000000040404040400cc015c83ce14dc83c0c9a9999999999a93f4640
ROOT terminal-put--0.05-bermudan 0x1.8p-3 0x1.c666666666666p-3 6
ROW terminal-put--0.05-bermudan interval 8495a6be000000f3000000000000007d0000006890d0b00c000000000000c83f08000033000c60dcc8548d52274040324575726f7065616e2d726564756374696f6e0c000000000000f03f40400c00000000000000000c91fa7b169321a33c0c91fa7b169321a33c080000270040404140400c000000000000000040404040400c91fa7b169321b33cb00c666666666666cc3f08000033000ce987af9207ef294040324575726f7065616e2d726564756374696f6e0c000000000000f03f40400c00000000000000000cc015c83ce14db83c0cc015c83ce14db83c080000270040404140400c000000000000000040404040400cc015c83ce14dc83c0c9a9999999999a93f4640
ROOT terminal-put-0.05-american 0x1.8p-3 0x1.c666666666666p-3 6
ROW terminal-put-0.05-american interval 8495a6be000000f3000000000000007d0000006890d0b00c000000000000c83f08000033000c467c1845156d174040324575726f7065616e2d726564756374696f6e0c000000000000f03f40400c00000000000000000ccf1ec1fb697eb03c0ccf1ec1fb697eb03c080000270040404040400c000000000000000040404040400ccf1ec1fb697ec03cb00c666666666666cc3f08000033000c0d9578f772a31c4040324575726f7065616e2d726564756374696f6e0c000000000000f03f40400c00000000000000000cbfb5e4297d1bbe3c0cbfb5e4297d1bbe3c080000270040404040400c000000000000000040404040400cbfb5e4297d1bce3c0c9a9999999999a93f4640
ROOT terminal-put-0.05-bermudan 0x1.8p-3 0x1.c666666666666p-3 6
ROW terminal-put-0.05-bermudan interval 8495a6be000000f3000000000000007d0000006890d0b00c000000000000c83f08000033000c467c1845156d174040324575726f7065616e2d726564756374696f6e0c000000000000f03f40400c00000000000000000ccf1ec1fb697eb03c0ccf1ec1fb697eb03c080000270040404140400c000000000000000040404040400ccf1ec1fb697ec03cb00c666666666666cc3f08000033000c0d9578f772a31c4040324575726f7065616e2d726564756374696f6e0c000000000000f03f40400c00000000000000000cbfb5e4297d1bbe3c0cbfb5e4297d1bbe3c080000270040404140400c000000000000000040404040400cbfb5e4297d1bce3c0c9a9999999999a93f4640
ROOT short-call 0x1.2999999999999p-2 0x1.4ccccccccccccp-2 6
ROW short-call interval 8495a6be000000f3000000000000007d0000006890d0b00c999999999999d23f08000033000c6ccf7222edcef73f40324575726f7065616e2d726564756374696f6e0c000000000000f03f40400c00000000000000000c7dd6763e43ff7c3c0c7dd6763e43ff7c3c080000270040404040400c000000000000000040404040400c7dd6763e43ff8c3cb00cccccccccccccd43f08000033000c0e8471f1838cfa3f40324575726f7065616e2d726564756374696f6e0c000000000000f03f40400c00000000000000000c15b293867d728a3c0c15b293867d728a3c080000270040404040400c000000000000000040404040400c15b293867d729a3c0c9a9999999999a93f4640
ROOT low-vega-call 0x1.e666666666667p-4 0x1.399999999999ap-3 6
ROW low-vega-call interval 8495a6be000000f3000000000000007d0000006890d0b00c676666666666be3f08000033000c75d9512f8770464040324575726f7065616e2d726564756374696f6e0c000000000000f03f40400c00000000000000000c58f5ae21e01cea3c0c58f5ae21e01cea3c080000270040404040400c000000000000000040404040400c58f5ae21e01cfa3cb00c9a9999999999c33f08000033000c683166287674464040324575726f7065616e2d726564756374696f6e0c000000000000f03f40400c00000000000000000c6a67c8674057c23c0c6a67c8674057c23c080000270040404040400c000000000000000040404040400c6a67c8674057d23c0c9a9999999999a93f4640
ROOT quote-down 0x1.8p-3 0x1.c666666666666p-3 6
ROW quote-down interval 8495a6be000000f3000000000000007d0000006890d0b00c000000000000c83f08000033000caae745a6f8f6234040324575726f7065616e2d726564756374696f6e0c000000000000f03f40400c00000000000000000c3b4f166b8439a13c0c3b4f166b8439a13c080000270040404040400c000000000000000040404040400c3b4f166b8439b13cb00c666666666666cc3f08000033000c492128bd068c264040324575726f7065616e2d726564756374696f6e0c000000000000f03f40400c00000000000000000ca2451aaaec6bb43c0ca2451aaaec6bb43c080000270040404040400c000000000000000040404040400ca2451aaaec6bc43c0c9a9999999999a93f4640
ROOT quote-up 0x1.8p-3 0x1.c666666666666p-3 6
ROW quote-up interval 8495a6be000000f3000000000000007d0000006890d0b00c000000000000c83f08000033000caae745a6f8f6234040324575726f7065616e2d726564756374696f6e0c000000000000f03f40400c00000000000000000c3b4f166b8439a13c0c3b4f166b8439a13c080000270040404040400c000000000000000040404040400c3b4f166b8439b13cb00c666666666666cc3f08000033000c492128bd068c264040324575726f7065616e2d726564756374696f6e0c000000000000f03f40400c00000000000000000ca2451aaaec6bb43c0ca2451aaaec6bb43c080000270040404040400c000000000000000040404040400ca2451aaaec6bc43c0c9a9999999999a93f4640
SKIP cash-terminal-american manual-refinement
SKIP cash-terminal-bermudan manual-refinement
SKIP american-put manual-refinement
SKIP negative-rate-put manual-refinement
SKIP delayed-put manual-refinement
SKIP bermudan-put manual-refinement
TOTAL 30 24 0 6
American inverse controls passed
ROOT call-80-0-american 0x1.8p-3 0x1.c666666666666p-3 6
ROW call-80-0-american interval 8495a6be000000f3000000000000007d0000006890d0b00c000000000000c83f08000033000c504704523aa2ee3f40324575726f7065616e2d726564756374696f6e0c000000000000f03f40400c00000000000000000cd0699d1f73f8893c0cd0699d1f73f8893c080000270040404040400c000000000000000040404040400cd0699d1f73f8993cb00c666666666666cc3f08000033000c0e7ec3c8c510fa3f40324575726f7065616e2d726564756374696f6e0c000000000000f03f40400c00000000000000000cb18b0ffdf51c813c0cb18b0ffdf51c813c080000270040404040400c000000000000000040404040400cb18b0ffdf51c913c0c9a9999999999a93f4640
ROOT call-80-0-bermudan 0x1.8p-3 0x1.c666666666666p-3 6
ROW call-80-0-bermudan interval 8495a6be000000f3000000000000007d0000006890d0b00c000000000000c83f08000033000c504704523aa2ee3f40324575726f7065616e2d726564756374696f6e0c000000000000f03f40400c00000000000000000cd0699d1f73f8893c0cd0699d1f73f8893c080000270040404540400c000000000000000040404040400cd0699d1f73f8993cb00c666666666666cc3f08000033000c0e7ec3c8c510fa3f40324575726f7065616e2d726564756374696f6e0c000000000000f03f40400c00000000000000000cb18b0ffdf51c813c0cb18b0ffdf51c813c080000270040404540400c000000000000000040404040400cb18b0ffdf51c913c0c9a9999999999a93f4640
ROOT call-80-0.05-american 0x1.8p-3 0x1.c666666666666p-3 6
ROW call-80-0.05-american interval 8495a6be000000f3000000000000007d0000006890d0b00c000000000000c83f08000033000c5ef6f1bae81af93f40324575726f7065616e2d726564756374696f6e0c000000000000f03f40400c00000000000000000c88d04fd920039b3c0c88d04fd920039b3c080000270040404040400c000000000000000040404040400c88d04fd92003ab3cb00c666666666666cc3f08000033000c55496bc25132034040324575726f7065616e2d726564756374696f6e0c000000000000f03f40400c00000000000000000c6230dc33aeec753c0c6230dc33aeec753c080000270040404040400c000000000000000040404040400c6230dc33aeec853c0c9a9999999999a93f4640
ROOT call-80-0.05-bermudan 0x1.8p-3 0x1.c666666666666p-3 6
ROW call-80-0.05-bermudan interval 8495a6be000000f3000000000000007d0000006890d0b00c000000000000c83f08000033000c5ef6f1bae81af93f40324575726f7065616e2d726564756374696f6e0c000000000000f03f40400c00000000000000000c88d04fd920039b3c0c88d04fd920039b3c080000270040404540400c000000000000000040404040400c88d04fd92003ab3cb00c666666666666cc3f08000033000c55496bc25132034040324575726f7065616e2d726564756374696f6e0c000000000000f03f40400c00000000000000000c6230dc33aeec753c0c6230dc33aeec753c080000270040404540400c000000000000000040404040400c6230dc33aeec853c0c9a9999999999a93f4640
ROOT call-100-0-american 0x1.8p-3 0x1.c666666666666p-3 6
ROW call-100-0-american interval 8495a6be000000f3000000000000007d0000006890d0b00c000000000000c83f08000033000c01fabd7e7ce01d4040324575726f7065616e2d726564756374696f6e0c000000000000f03f40400c00000000000000000c5c06c2b2926db03c0c5c06c2b2926db03c080000270040404040400c000000000000000040404040400c5c06c2b2926dc03cb00c666666666666cc3f08000033000ca282e89ab4aa214040324575726f7065616e2d726564756374696f6e0c000000000000f03f40400c00000000000000000ca8c54de52751c73c0ca8c54de52751c73c080000270040404040400c000000000000000040404040400ca8c54de52751d73c0c9a9999999999a93f4640
ROOT call-100-0-bermudan 0x1.8p-3 0x1.c666666666666p-3 6
ROW call-100-0-bermudan interval 8495a6be000000f3000000000000007d0000006890d0b00c000000000000c83f08000033000c01fabd7e7ce01d4040324575726f7065616e2d726564756374696f6e0c000000000000f03f40400c00000000000000000c5c06c2b2926db03c0c5c06c2b2926db03c080000270040404540400c000000000000000040404040400c5c06c2b2926dc03cb00c666666666666cc3f08000033000ca282e89ab4aa214040324575726f7065616e2d726564756374696f6e0c000000000000f03f40400c00000000000000000ca8c54de52751c73c0ca8c54de52751c73c080000270040404540400c000000000000000040404040400ca8c54de52751d73c0c9a9999999999a93f4640
ROOT call-100-0.05-american 0x1.8p-3 0x1.c666666666666p-3 6
ROW call-100-0.05-american interval 8495a6be000000f3000000000000007d0000006890d0b00c000000000000c83f08000033000caae745a6f8f6234040324575726f7065616e2d726564756374696f6e0c000000000000f03f40400c00000000000000000c3b4f166b8439a13c0c3b4f166b8439a13c080000270040404040400c000000000000000040404040400c3b4f166b8439b13cb00c666666666666cc3f08000033000c492128bd068c264040324575726f7065616e2d726564756374696f6e0c000000000000f03f40400c00000000000000000ca2451aaaec6bb43c0ca2451aaaec6bb43c080000270040404040400c000000000000000040404040400ca2451aaaec6bc43c0c9a9999999999a93f4640
ROOT call-100-0.05-bermudan 0x1.8p-3 0x1.c666666666666p-3 6
ROW call-100-0.05-bermudan interval 8495a6be000000f3000000000000007d0000006890d0b00c000000000000c83f08000033000caae745a6f8f6234040324575726f7065616e2d726564756374696f6e0c000000000000f03f40400c00000000000000000c3b4f166b8439a13c0c3b4f166b8439a13c080000270040404540400c000000000000000040404040400c3b4f166b8439b13cb00c666666666666cc3f08000033000c492128bd068c264040324575726f7065616e2d726564756374696f6e0c000000000000f03f40400c00000000000000000ca2451aaaec6bb43c0ca2451aaaec6bb43c080000270040404540400c000000000000000040404040400ca2451aaaec6bc43c0c9a9999999999a93f4640
ROOT call-120-0-american 0x1.8p-3 0x1.c666666666666p-3 6
ROW call-120-0-american interval 8495a6be000000f3000000000000007d0000006890d0b00c000000000000c83f08000033000c59d61b0f57cc354040324575726f7065616e2d726564756374696f6e0c000000000000f03f40400c00000000000000000cf05e8fbc2f47d13c0cf05e8fbc2f47d13c080000270040404040400c000000000000000040404040400cf05e8fbc2f47e13cb00c666666666666cc3f08000033000c30a6999717cd364040324575726f7065616e2d726564756374696f6e0c000000000000f03f40400c00000000000000000c95c5a75c7e30d53c0c95c5a75c7e30d53c080000270040404040400c000000000000000040404040400c95c5a75c7e30e53c0c9a9999999999a93f4640
ROOT call-120-0-bermudan 0x1.8p-3 0x1.c666666666666p-3 6
ROW call-120-0-bermudan interval 8495a6be000000f3000000000000007d0000006890d0b00c000000000000c83f08000033000c59d61b0f57cc354040324575726f7065616e2d726564756374696f6e0c000000000000f03f40400c00000000000000000cf05e8fbc2f47d13c0cf05e8fbc2f47d13c080000270040404540400c000000000000000040404040400cf05e8fbc2f47e13cb00c666666666666cc3f08000033000c30a6999717cd364040324575726f7065616e2d726564756374696f6e0c000000000000f03f40400c00000000000000000c95c5a75c7e30d53c0c95c5a75c7e30d53c080000270040404540400c000000000000000040404040400c95c5a75c7e30e53c0c9a9999999999a93f4640
ROOT call-120-0.05-american 0x1.8p-3 0x1.c666666666666p-3 6
ROW call-120-0.05-american interval 8495a6be000000f3000000000000007d0000006890d0b00c000000000000c83f08000033000c9a8c793e26e9394040324575726f7065616e2d726564756374696f6e0c000000000000f03f40400c00000000000000000cfa254ca7b918883c0cfa254ca7b918883c080000270040404040400c000000000000000040404040400cfa254ca7b918983cb00c666666666666cc3f08000033000c947d9fe591ac3a4040324575726f7065616e2d726564756374696f6e0c000000000000f03f40400c00000000000000000cd343da865c50ce3c0cd343da865c50ce3c080000270040404040400c000000000000000040404040400cd343da865c50de3c0c9a9999999999a93f4640
ROOT call-120-0.05-bermudan 0x1.8p-3 0x1.c666666666666p-3 6
ROW call-120-0.05-bermudan interval 8495a6be000000f3000000000000007d0000006890d0b00c000000000000c83f08000033000c9a8c793e26e9394040324575726f7065616e2d726564756374696f6e0c000000000000f03f40400c00000000000000000cfa254ca7b918883c0cfa254ca7b918883c080000270040404540400c000000000000000040404040400cfa254ca7b918983cb00c666666666666cc3f08000033000c947d9fe591ac3a4040324575726f7065616e2d726564756374696f6e0c000000000000f03f40400c00000000000000000cd343da865c50ce3c0cd343da865c50ce3c080000270040404540400c000000000000000040404040400cd343da865c50de3c0c9a9999999999a93f4640
ROOT terminal-call--0.05-american 0x1.8p-3 0x1.c666666666666p-3 6
ROW terminal-call--0.05-american interval 8495a6be000000f3000000000000007d0000006890d0b00c000000000000c83f08000033000c45ba2dbc4937124040324575726f7065616e2d726564756374696f6e0c000000000000f03f40400c00000000000000000c8b9c7448f4f3bd3c0c8b9c7448f4f3bd3c080000270040404040400c000000000000000040404040400c8b9c7448f4f3cd3cb00c666666666666cc3f08000033000c5711fb373e70174040324575726f7065616e2d726564756374696f6e0c000000000000f03f40400c00000000000000000cadfad42db96dae3c0cadfad42db96dae3c080000270040404040400c000000000000000040404040400cadfad42db96dbe3c0c9a9999999999a93f4640
ROOT terminal-call--0.05-bermudan 0x1.8p-3 0x1.c666666666666p-3 6
ROW terminal-call--0.05-bermudan interval 8495a6be000000f3000000000000007d0000006890d0b00c000000000000c83f08000033000c45ba2dbc4937124040324575726f7065616e2d726564756374696f6e0c000000000000f03f40400c00000000000000000c8b9c7448f4f3bd3c0c8b9c7448f4f3bd3c080000270040404140400c000000000000000040404040400c8b9c7448f4f3cd3cb00c666666666666cc3f08000033000c5711fb373e70174040324575726f7065616e2d726564756374696f6e0c000000000000f03f40400c00000000000000000cadfad42db96dae3c0cadfad42db96dae3c080000270040404140400c000000000000000040404040400cadfad42db96dbe3c0c9a9999999999a93f4640
ROOT terminal-call-0.05-american 0x1.8p-3 0x1.c666666666666p-3 6
ROW terminal-call-0.05-american interval 8495a6be000000f3000000000000007d0000006890d0b00c000000000000c83f08000033000cd191765fc481214040324575726f7065616e2d726564756374696f6e0c000000000000f03f40400c00000000000000000c429b36842ae8ca3c0c429b36842ae8ca3c080000270040404040400c000000000000000040404040400c429b36842ae8da3cb00c666666666666cc3f08000033000c359ea638f31c244040324575726f7065616e2d726564756374696f6e0c000000000000f03f40400c00000000000000000c0d5009171e35c23c0c0d5009171e35c23c080000270040404040400c000000000000000040404040400c0d5009171e35d23c0c9a9999999999a93f4640
ROOT terminal-call-0.05-bermudan 0x1.8p-3 0x1.c666666666666p-3 6
ROW terminal-call-0.05-bermudan interval 8495a6be000000f3000000000000007d0000006890d0b00c000000000000c83f08000033000cd191765fc481214040324575726f7065616e2d726564756374696f6e0c000000000000f03f40400c00000000000000000c429b36842ae8ca3c0c429b36842ae8ca3c080000270040404140400c000000000000000040404040400c429b36842ae8da3cb00c666666666666cc3f08000033000c359ea638f31c244040324575726f7065616e2d726564756374696f6e0c000000000000f03f40400c00000000000000000c0d5009171e35c23c0c0d5009171e35c23c080000270040404140400c000000000000000040404040400c0d5009171e35d23c0c9a9999999999a93f4640
ROOT terminal-put--0.05-american 0x1.8p-3 0x1.c666666666666p-3 6
ROW terminal-put--0.05-american interval 8495a6be000000f3000000000000007d0000006890d0b00c000000000000c83f08000033000c60dcc8548d52274040324575726f7065616e2d726564756374696f6e0c000000000000f03f40400c00000000000000000c91fa7b169321a33c0c91fa7b169321a33c080000270040404040400c000000000000000040404040400c91fa7b169321b33cb00c666666666666cc3f08000033000ce987af9207ef294040324575726f7065616e2d726564756374696f6e0c000000000000f03f40400c00000000000000000cc015c83ce14db83c0cc015c83ce14db83c080000270040404040400c000000000000000040404040400cc015c83ce14dc83c0c9a9999999999a93f4640
ROOT terminal-put--0.05-bermudan 0x1.8p-3 0x1.c666666666666p-3 6
ROW terminal-put--0.05-bermudan interval 8495a6be000000f3000000000000007d0000006890d0b00c000000000000c83f08000033000c60dcc8548d52274040324575726f7065616e2d726564756374696f6e0c000000000000f03f40400c00000000000000000c91fa7b169321a33c0c91fa7b169321a33c080000270040404140400c000000000000000040404040400c91fa7b169321b33cb00c666666666666cc3f08000033000ce987af9207ef294040324575726f7065616e2d726564756374696f6e0c000000000000f03f40400c00000000000000000cc015c83ce14db83c0cc015c83ce14db83c080000270040404140400c000000000000000040404040400cc015c83ce14dc83c0c9a9999999999a93f4640
ROOT terminal-put-0.05-american 0x1.8p-3 0x1.c666666666666p-3 6
ROW terminal-put-0.05-american interval 8495a6be000000f3000000000000007d0000006890d0b00c000000000000c83f08000033000c467c1845156d174040324575726f7065616e2d726564756374696f6e0c000000000000f03f40400c00000000000000000ccf1ec1fb697eb03c0ccf1ec1fb697eb03c080000270040404040400c000000000000000040404040400ccf1ec1fb697ec03cb00c666666666666cc3f08000033000c0d9578f772a31c4040324575726f7065616e2d726564756374696f6e0c000000000000f03f40400c00000000000000000cbfb5e4297d1bbe3c0cbfb5e4297d1bbe3c080000270040404040400c000000000000000040404040400cbfb5e4297d1bce3c0c9a9999999999a93f4640
ROOT terminal-put-0.05-bermudan 0x1.8p-3 0x1.c666666666666p-3 6
ROW terminal-put-0.05-bermudan interval 8495a6be000000f3000000000000007d0000006890d0b00c000000000000c83f08000033000c467c1845156d174040324575726f7065616e2d726564756374696f6e0c000000000000f03f40400c00000000000000000ccf1ec1fb697eb03c0ccf1ec1fb697eb03c080000270040404140400c000000000000000040404040400ccf1ec1fb697ec03cb00c666666666666cc3f08000033000c0d9578f772a31c4040324575726f7065616e2d726564756374696f6e0c000000000000f03f40400c00000000000000000cbfb5e4297d1bbe3c0cbfb5e4297d1bbe3c080000270040404140400c000000000000000040404040400cbfb5e4297d1bce3c0c9a9999999999a93f4640
ROOT short-call 0x1.2999999999999p-2 0x1.4ccccccccccccp-2 6
ROW short-call interval 8495a6be000000f3000000000000007d0000006890d0b00c999999999999d23f08000033000c6ccf7222edcef73f40324575726f7065616e2d726564756374696f6e0c000000000000f03f40400c00000000000000000c7dd6763e43ff7c3c0c7dd6763e43ff7c3c080000270040404040400c000000000000000040404040400c7dd6763e43ff8c3cb00cccccccccccccd43f08000033000c0e8471f1838cfa3f40324575726f7065616e2d726564756374696f6e0c000000000000f03f40400c00000000000000000c15b293867d728a3c0c15b293867d728a3c080000270040404040400c000000000000000040404040400c15b293867d729a3c0c9a9999999999a93f4640
ROOT low-vega-call 0x1.e666666666667p-4 0x1.399999999999ap-3 6
ROW low-vega-call interval 8495a6be000000f3000000000000007d0000006890d0b00c676666666666be3f08000033000c75d9512f8770464040324575726f7065616e2d726564756374696f6e0c000000000000f03f40400c00000000000000000c58f5ae21e01cea3c0c58f5ae21e01cea3c080000270040404040400c000000000000000040404040400c58f5ae21e01cfa3cb00c9a9999999999c33f08000033000c683166287674464040324575726f7065616e2d726564756374696f6e0c000000000000f03f40400c00000000000000000c6a67c8674057c23c0c6a67c8674057c23c080000270040404040400c000000000000000040404040400c6a67c8674057d23c0c9a9999999999a93f4640
ROOT quote-down 0x1.8p-3 0x1.c666666666666p-3 6
ROW quote-down interval 8495a6be000000f3000000000000007d0000006890d0b00c000000000000c83f08000033000caae745a6f8f6234040324575726f7065616e2d726564756374696f6e0c000000000000f03f40400c00000000000000000c3b4f166b8439a13c0c3b4f166b8439a13c080000270040404040400c000000000000000040404040400c3b4f166b8439b13cb00c666666666666cc3f08000033000c492128bd068c264040324575726f7065616e2d726564756374696f6e0c000000000000f03f40400c00000000000000000ca2451aaaec6bb43c0ca2451aaaec6bb43c080000270040404040400c000000000000000040404040400ca2451aaaec6bc43c0c9a9999999999a93f4640
ROOT quote-up 0x1.8p-3 0x1.c666666666666p-3 6
ROW quote-up interval 8495a6be000000f3000000000000007d0000006890d0b00c000000000000c83f08000033000caae745a6f8f6234040324575726f7065616e2d726564756374696f6e0c000000000000f03f40400c00000000000000000c3b4f166b8439a13c0c3b4f166b8439a13c080000270040404040400c000000000000000040404040400c3b4f166b8439b13cb00c666666666666cc3f08000033000c492128bd068c264040324575726f7065616e2d726564756374696f6e0c000000000000f03f40400c00000000000000000ca2451aaaec6bb43c0ca2451aaaec6bb43c080000270040404040400c000000000000000040404040400ca2451aaaec6bc43c0c9a9999999999a93f4640
SKIP cash-terminal-american manual-refinement
SKIP cash-terminal-bermudan manual-refinement
SKIP american-put manual-refinement
SKIP negative-rate-put manual-refinement
SKIP delayed-put manual-refinement
SKIP bermudan-put manual-refinement
TOTAL 30 24 0 6
