American inverse controls passed
ROOT call-80-0-american 0x1.8p-3 0x1.c666666666666p-3 6
ROW call-80-0-american interval 8495a6be000000b800000014000000650000005890d0b00c000000000000c83f08000033000c504704523aa2ee3f40324575726f7065616e2d726564756374696f6e0c000000000000f03f40400c00000000000000000cd0699d1f73f8893c040108000027004040404040040340404040400cd0699d1f73f8993cb00c666666666666cc3f08000033000c0e7ec3c8c510fa3f40040a0409404004080cb18b0ffdf51c813c040108000027004040404040040a40404040400cb18b0ffdf51c913c0c9a9999999999a93f4640
ROOT call-80-0-bermudan 0x1.8p-3 0x1.c666666666666p-3 6
ROW call-80-0-bermudan interval 8495a6be000000b800000014000000650000005890d0b00c000000000000c83f08000033000c504704523aa2ee3f40324575726f7065616e2d726564756374696f6e0c000000000000f03f40400c00000000000000000cd0699d1f73f8893c040108000027004040454040040340404040400cd0699d1f73f8993cb00c666666666666cc3f08000033000c0e7ec3c8c510fa3f40040a0409404004080cb18b0ffdf51c813c040108000027004040454040040a40404040400cb18b0ffdf51c913c0c9a9999999999a93f4640
ROOT call-80-0.05-american 0x1.8p-3 0x1.c666666666666p-3 6
ROW call-80-0.05-american interval 8495a6be000000b800000014000000650000005890d0b00c000000000000c83f08000033000c5ef6f1bae81af93f40324575726f7065616e2d726564756374696f6e0c000000000000f03f40400c00000000000000000c88d04fd920039b3c040108000027004040404040040340404040400c88d04fd92003ab3cb00c666666666666cc3f08000033000c55496bc25132034040040a0409404004080c6230dc33aeec753c040108000027004040404040040a40404040400c6230dc33aeec853c0c9a9999999999a93f4640
ROOT call-80-0.05-bermudan 0x1.8p-3 0x1.c666666666666p-3 6
ROW call-80-0.05-bermudan interval 8495a6be000000b800000014000000650000005890d0b00c000000000000c83f08000033000c5ef6f1bae81af93f40324575726f7065616e2d726564756374696f6e0c000000000000f03f40400c00000000000000000c88d04fd920039b3c040108000027004040454040040340404040400c88d04fd92003ab3cb00c666666666666cc3f08000033000c55496bc25132034040040a0409404004080c6230dc33aeec753c040108000027004040454040040a40404040400c6230dc33aeec853c0c9a9999999999a93f4640
ROOT call-100-0-american 0x1.8p-3 0x1.c666666666666p-3 6
ROW call-100-0-american interval 8495a6be000000b800000014000000650000005890d0b00c000000000000c83f08000033000c01fabd7e7ce01d4040324575726f7065616e2d726564756374696f6e0c000000000000f03f40400c00000000000000000c5c06c2b2926db03c040108000027004040404040040340404040400c5c06c2b2926dc03cb00c666666666666cc3f08000033000ca282e89ab4aa214040040a0409404004080ca8c54de52751c73c040108000027004040404040040a40404040400ca8c54de52751d73c0c9a9999999999a93f4640
ROOT call-100-0-bermudan 0x1.8p-3 0x1.c666666666666p-3 6
ROW call-100-0-bermudan interval 8495a6be000000b800000014000000650000005890d0b00c000000000000c83f08000033000c01fabd7e7ce01d4040324575726f7065616e2d726564756374696f6e0c000000000000f03f40400c00000000000000000c5c06c2b2926db03c040108000027004040454040040340404040400c5c06c2b2926dc03cb00c666666666666cc3f08000033000ca282e89ab4aa214040040a0409404004080ca8c54de52751c73c040108000027004040454040040a40404040400ca8c54de52751d73c0c9a9999999999a93f4640
ROOT call-100-0.05-american 0x1.8p-3 0x1.c666666666666p-3 6
ROW call-100-0.05-american interval 8495a6be000000b800000014000000650000005890d0b00c000000000000c83f08000033000caae745a6f8f6234040324575726f7065616e2d726564756374696f6e0c000000000000f03f40400c00000000000000000c3b4f166b8439a13c040108000027004040404040040340404040400c3b4f166b8439b13cb00c666666666666cc3f08000033000c492128bd068c264040040a0409404004080ca2451aaaec6bb43c040108000027004040404040040a40404040400ca2451aaaec6bc43c0c9a9999999999a93f4640
ROOT call-100-0.05-bermudan 0x1.8p-3 0x1.c666666666666p-3 6
ROW call-100-0.05-bermudan interval 8495a6be000000b800000014000000650000005890d0b00c000000000000c83f08000033000caae745a6f8f6234040324575726f7065616e2d726564756374696f6e0c000000000000f03f40400c00000000000000000c3b4f166b8439a13c040108000027004040454040040340404040400c3b4f166b8439b13cb00c666666666666cc3f08000033000c492128bd068c264040040a0409404004080ca2451aaaec6bb43c040108000027004040454040040a40404040400ca2451aaaec6bc43c0c9a9999999999a93f4640
ROOT call-120-0-american 0x1.8p-3 0x1.c666666666666p-3 6
ROW call-120-0-american interval 8495a6be000000b800000014000000650000005890d0b00c000000000000c83f08000033000c59d61b0f57cc354040324575726f7065616e2d726564756374696f6e0c000000000000f03f40400c00000000000000000cf05e8fbc2f47d13c040108000027004040404040040340404040400cf05e8fbc2f47e13cb00c666666666666cc3f08000033000c30a6999717cd364040040a0409404004080c95c5a75c7e30d53c040108000027004040404040040a40404040400c95c5a75c7e30e53c0c9a9999999999a93f4640
ROOT call-120-0-bermudan 0x1.8p-3 0x1.c666666666666p-3 6
ROW call-120-0-bermudan interval 8495a6be000000b800000014000000650000005890d0b00c000000000000c83f08000033000c59d61b0f57cc354040324575726f7065616e2d726564756374696f6e0c000000000000f03f40400c00000000000000000cf05e8fbc2f47d13c040108000027004040454040040340404040400cf05e8fbc2f47e13cb00c666666666666cc3f08000033000c30a6999717cd364040040a0409404004080c95c5a75c7e30d53c040108000027004040454040040a40404040400c95c5a75c7e30e53c0c9a9999999999a93f4640
ROOT call-120-0.05-american 0x1.8p-3 0x1.c666666666666p-3 6
ROW call-120-0.05-american interval 8495a6be000000b800000014000000650000005890d0b00c000000000000c83f08000033000c9a8c793e26e9394040324575726f7065616e2d726564756374696f6e0c000000000000f03f40400c00000000000000000cfa254ca7b918883c040108000027004040404040040340404040400cfa254ca7b918983cb00c666666666666cc3f08000033000c947d9fe591ac3a4040040a0409404004080cd343da865c50ce3c040108000027004040404040040a40404040400cd343da865c50de3c0c9a9999999999a93f4640
ROOT call-120-0.05-bermudan 0x1.8p-3 0x1.c666666666666p-3 6
ROW call-120-0.05-bermudan interval 8495a6be000000b800000014000000650000005890d0b00c000000000000c83f08000033000c9a8c793e26e9394040324575726f7065616e2d726564756374696f6e0c000000000000f03f40400c00000000000000000cfa254ca7b918883c040108000027004040454040040340404040400cfa254ca7b918983cb00c666666666666cc3f08000033000c947d9fe591ac3a4040040a0409404004080cd343da865c50ce3c040108000027004040454040040a40404040400cd343da865c50de3c0c9a9999999999a93f4640
ROOT terminal-call--0.05-american 0x1.8p-3 0x1.c666666666666p-3 6
ROW terminal-call--0.05-american interval 8495a6be000000b800000014000000650000005890d0b00c000000000000c83f08000033000c45ba2dbc4937124040324575726f7065616e2d726564756374696f6e0c000000000000f03f40400c00000000000000000c8b9c7448f4f3bd3c040108000027004040404040040340404040400c8b9c7448f4f3cd3cb00c666666666666cc3f08000033000c5711fb373e70174040040a0409404004080cadfad42db96dae3c040108000027004040404040040a40404040400cadfad42db96dbe3c0c9a9999999999a93f4640
ROOT terminal-call--0.05-bermudan 0x1.8p-3 0x1.c666666666666p-3 6
ROW terminal-call--0.05-bermudan interval 8495a6be000000b800000014000000650000005890d0b00c000000000000c83f08000033000c45ba2dbc4937124040324575726f7065616e2d726564756374696f6e0c000000000000f03f40400c00000000000000000c8b9c7448f4f3bd3c040108000027004040414040040340404040400c8b9c7448f4f3cd3cb00c666666666666cc3f08000033000c5711fb373e70174040040a0409404004080cadfad42db96dae3c040108000027004040414040040a40404040400cadfad42db96dbe3c0c9a9999999999a93f4640
ROOT terminal-call-0.05-american 0x1.8p-3 0x1.c666666666666p-3 6
ROW terminal-call-0.05-american interval 8495a6be000000b800000014000000650000005890d0b00c000000000000c83f08000033000cd191765fc481214040324575726f7065616e2d726564756374696f6e0c000000000000f03f40400c00000000000000000c429b36842ae8ca3c040108000027004040404040040340404040400c429b36842ae8da3cb00c666666666666cc3f08000033000c359ea638f31c244040040a0409404004080c0d5009171e35c23c040108000027004040404040040a40404040400c0d5009171e35d23c0c9a9999999999a93f4640
ROOT terminal-call-0.05-bermudan 0x1.8p-3 0x1.c666666666666p-3 6
ROW terminal-call-0.05-bermudan interval 8495a6be000000b800000014000000650000005890d0b00c000000000000c83f08000033000cd191765fc481214040324575726f7065616e2d726564756374696f6e0c000000000000f03f40400c00000000000000000c429b36842ae8ca3c040108000027004040414040040340404040400c429b36842ae8da3cb00c666666666666cc3f08000033000c359ea638f31c244040040a0409404004080c0d5009171e35c23c040108000027004040414040040a40404040400c0d5009171e35d23c0c9a9999999999a93f4640
ROOT terminal-put--0.05-american 0x1.8p-3 0x1.c666666666666p-3 6
ROW terminal-put--0.05-american interval 8495a6be000000b800000014000000650000005890d0b00c000000000000c83f08000033000c60dcc8548d52274040324575726f7065616e2d726564756374696f6e0c000000000000f03f40400c00000000000000000c91fa7b169321a33c040108000027004040404040040340404040400c91fa7b169321b33cb00c666666666666cc3f08000033000ce987af9207ef294040040a0409404004080cc015c83ce14db83c040108000027004040404040040a40404040400cc015c83ce14dc83c0c9a9999999999a93f4640
ROOT terminal-put--0.05-bermudan 0x1.8p-3 0x1.c666666666666p-3 6
ROW terminal-put--0.05-bermudan interval 8495a6be000000b800000014000000650000005890d0b00c000000000000c83f08000033000c60dcc8548d52274040324575726f7065616e2d726564756374696f6e0c000000000000f03f40400c00000000000000000c91fa7b169321a33c040108000027004040414040040340404040400c91fa7b169321b33cb00c666666666666cc3f08000033000ce987af9207ef294040040a0409404004080cc015c83ce14db83c040108000027004040414040040a40404040400cc015c83ce14dc83c0c9a9999999999a93f4640
ROOT terminal-put-0.05-american 0x1.8p-3 0x1.c666666666666p-3 6
ROW terminal-put-0.05-american interval 8495a6be000000b800000014000000650000005890d0b00c000000000000c83f08000033000c467c1845156d174040324575726f7065616e2d726564756374696f6e0c000000000000f03f40400c00000000000000000ccf1ec1fb697eb03c040108000027004040404040040340404040400ccf1ec1fb697ec03cb00c666666666666cc3f08000033000c0d9578f772a31c4040040a0409404004080cbfb5e4297d1bbe3c040108000027004040404040040a40404040400cbfb5e4297d1bce3c0c9a9999999999a93f4640
ROOT terminal-put-0.05-bermudan 0x1.8p-3 0x1.c666666666666p-3 6
ROW terminal-put-0.05-bermudan interval 8495a6be000000b800000014000000650000005890d0b00c000000000000c83f08000033000c467c1845156d174040324575726f7065616e2d726564756374696f6e0c000000000000f03f40400c00000000000000000ccf1ec1fb697eb03c040108000027004040414040040340404040400ccf1ec1fb697ec03cb00c666666666666cc3f08000033000c0d9578f772a31c4040040a0409404004080cbfb5e4297d1bbe3c040108000027004040414040040a40404040400cbfb5e4297d1bce3c0c9a9999999999a93f4640
ROOT short-call 0x1.2999999999999p-2 0x1.4ccccccccccccp-2 6
ROW short-call interval 8495a6be000000b800000014000000650000005890d0b00c999999999999d23f08000033000c6ccf7222edcef73f40324575726f7065616e2d726564756374696f6e0c000000000000f03f40400c00000000000000000c7dd6763e43ff7c3c040108000027004040404040040340404040400c7dd6763e43ff8c3cb00cccccccccccccd43f08000033000c0e8471f1838cfa3f40040a0409404004080c15b293867d728a3c040108000027004040404040040a40404040400c15b293867d729a3c0c9a9999999999a93f4640
ROOT low-vega-call 0x1.e666666666667p-4 0x1.399999999999ap-3 6
ROW low-vega-call interval 8495a6be000000b800000014000000650000005890d0b00c676666666666be3f08000033000c75d9512f8770464040324575726f7065616e2d726564756374696f6e0c000000000000f03f40400c00000000000000000c58f5ae21e01cea3c040108000027004040404040040340404040400c58f5ae21e01cfa3cb00c9a9999999999c33f08000033000c683166287674464040040a0409404004080c6a67c8674057c23c040108000027004040404040040a40404040400c6a67c8674057d23c0c9a9999999999a93f4640
ROOT quote-down 0x1.8p-3 0x1.c666666666666p-3 6
ROW quote-down interval 8495a6be000000b800000014000000650000005890d0b00c000000000000c83f08000033000caae745a6f8f6234040324575726f7065616e2d726564756374696f6e0c000000000000f03f40400c00000000000000000c3b4f166b8439a13c040108000027004040404040040340404040400c3b4f166b8439b13cb00c666666666666cc3f08000033000c492128bd068c264040040a0409404004080ca2451aaaec6bb43c040108000027004040404040040a40404040400ca2451aaaec6bc43c0c9a9999999999a93f4640
ROOT quote-up 0x1.8p-3 0x1.c666666666666p-3 6
ROW quote-up interval 8495a6be000000b800000014000000650000005890d0b00c000000000000c83f08000033000caae745a6f8f6234040324575726f7065616e2d726564756374696f6e0c000000000000f03f40400c00000000000000000c3b4f166b8439a13c040108000027004040404040040340404040400c3b4f166b8439b13cb00c666666666666cc3f08000033000c492128bd068c264040040a0409404004080ca2451aaaec6bb43c040108000027004040404040040a40404040400ca2451aaaec6bc43c0c9a9999999999a93f4640
ROW cash-terminal-american price-accuracy 8495a6be0000006300000013000000390000002f919493e0a00c0070063e0654783f0c0000d01a9159583fa00c00588cf31aa38a3f0c00a0ad5da2a07a3fa00c807432ec5828f03f0c00f0a97639f8ae3f90a00c00000000000000000c00000000000000000c00407b996b0f4f3f0c8008cefcabc5b13f
ROW cash-terminal-bermudan price-accuracy 8495a6be0000006300000013000000390000002f919493e0a00c0070063e0654783f0c0000d01a9159583fa00c00588cf31aa38a3f0c00a0ad5da2a07a3fa00c807432ec5828f03f0c00f0a97639f8ae3f90a00c00000000000000000c00000000000000000c00407b996b0f4f3f0c8008cefcabc5b13f
ROW american-put price-accuracy 8495a6be000000500000000f0000002e00000026919493e0a00c00f0cb44c29a783f0c0040d8fb9379583fa00c0048a8c293be903f0c00e8320bf624813fa00c801207fc7e49e13f0c0078915450c8853f400c0000f0358586103f0c00a4d5f4c20e953f
ROW negative-rate-put price-accuracy 8495a6be000000500000000f0000002e00000026919493e0a00c0040261f1b68753f0c0040c7ecc565553fa00c0068bdcbc508893f0c003055c9950b793fa00c80454b23fc27da3f0c0010c4103f3b7c3f400c0000a8cbaa5c023f0c003071d57f628d3f
ROW delayed-put price-accuracy 8495a6be000000500000000f0000002e00000026919493e0a00c00806b3b51a0793f0c000086e82cba593fa00c00a0b0722ab8813f0c00202087ea12723fa00c60ff62709543e13f0c00805f63ef7e853f400c00001456408b0f3f0c00322bc29aef903f
ROW bermudan-put price-accuracy 8495a6be000000500000000f0000002e00000026919493e0a00c00c06da8aa82783f0c0000e3a2a20e573fa00c00e029debfe66d3f0c0000ad28e1e95d3fa00cc0424d3c7c40e13f0c004824ee3c5a853f400c000038cb9bcd0e3f0c008061031b188c3f
TOTAL 30 24 6 0
