CHECK call-100-0.05-american 0x1.919999999999ap-3 0x1.9a66666666666p-3 9
TIME call-100-0.05-american/price 1 20 84649.998 84750.000 116661.600
TIME call-100-0.05-american/price 2 20 81750.000 81750.000 116661.600
TIME call-100-0.05-american/price 3 20 81900.001 81900.000 116661.600
TIME call-100-0.05-american/solve 1 20 768599.997 768800.000 1064685.600
TIME call-100-0.05-american/solve 2 20 768050.004 768000.000 1064685.600
TIME call-100-0.05-american/solve 3 20 767099.997 767150.000 1064685.600
TIME call-100-0.05-american/end-to-end 1 20 769299.996 769500.000 1065157.600
TIME call-100-0.05-american/end-to-end 2 20 767349.999 767400.000 1065157.600
TIME call-100-0.05-american/end-to-end 3 20 767350.005 767400.000 1065157.600
CHECK cash-terminal-american 0x1.919999999999ap-3 0x1.9a66666666666p-3 9
TIME cash-terminal-american/price 1 1 186046999.996 186048000.000 35601424.000
TIME cash-terminal-american/price 2 1 187070999.993 187061000.000 35601424.000
TIME cash-terminal-american/price 3 1 184902999.899 184904000.000 35601424.000
TIME cash-terminal-american/solve 1 1 1683621999.924 1683549000.000 320391264.000
TIME cash-terminal-american/solve 2 1 1662899999.996 1662874000.000 320391264.000
TIME cash-terminal-american/solve 3 1 1664232000.010 1664218000.000 320391264.000
TIME cash-terminal-american/end-to-end 1 1 1663853999.926 1663814000.000 320392192.000
TIME cash-terminal-american/end-to-end 2 1 1657976999.995 1657933000.000 320392192.000
TIME cash-terminal-american/end-to-end 3 1 1657528000.069 1657412000.000 320392192.000
CHECK american-put 0x1.919999999999ap-3 0x1.9a66666666666p-3 9
TIME american-put/price 1 1 121492000.064 121498000.000 13475224.000
TIME american-put/price 2 1 123032999.923 123033000.000 13475224.000
TIME american-put/price 3 1 121825000.038 121825000.000 13475224.000
TIME american-put/solve 1 1 1118417000.049 1118400000.000 121295432.000
TIME american-put/solve 2 1 1117017999.990 1116983000.000 121295432.000
TIME american-put/solve 3 1 1120955000.049 1120947000.000 121295432.000
TIME american-put/end-to-end 1 1 1125654000.090 1125660000.000 121295904.000
TIME american-put/end-to-end 2 1 1121716000.023 1121688000.000 121295904.000
TIME american-put/end-to-end 3 1 1119028000.045 1118959000.000 121295904.000
