CHECK call-100-0.05-american 0x1.919999999999ap-3 0x1.9a66666666666p-3 9
TIME call-100-0.05-american/price 1 20 92249.998 92400.000 116661.600
TIME call-100-0.05-american/price 2 20 88750.001 88950.000 116661.600
TIME call-100-0.05-american/price 3 20 88950.002 89000.000 116661.600
TIME call-100-0.05-american/solve 1 20 832899.997 832950.000 1064685.600
TIME call-100-0.05-american/solve 2 20 832649.996 832650.000 1064685.600
TIME call-100-0.05-american/solve 3 20 831550.005 831650.000 1064685.600
TIME call-100-0.05-american/end-to-end 1 20 832300.005 832350.000 1065157.600
TIME call-100-0.05-american/end-to-end 2 20 833450.002 833500.000 1065157.600
TIME call-100-0.05-american/end-to-end 3 20 832600.001 832700.000 1065157.600
CHECK cash-terminal-american 0x1.919999999999ap-3 0x1.9a66666666666p-3 9
TIME cash-terminal-american/price 1 1 193515000.050 193430000.000 35601424.000
TIME cash-terminal-american/price 2 1 188353000.092 188355000.000 35601424.000
TIME cash-terminal-american/price 3 1 189204999.944 189201000.000 35601424.000
TIME cash-terminal-american/solve 1 1 1688855000.073 1688706000.000 320391264.000
TIME cash-terminal-american/solve 2 1 1670097000.082 1670079000.000 320391264.000
TIME cash-terminal-american/solve 3 1 1666387000.005 1666352000.000 320391264.000
TIME cash-terminal-american/end-to-end 1 1 1663076999.946 1663045000.000 320392192.000
TIME cash-terminal-american/end-to-end 2 1 1861687999.917 1860517000.000 320392192.000
TIME cash-terminal-american/end-to-end 3 1 1936398999.998 1936071000.000 320392192.000
CHECK american-put 0x1.919999999999ap-3 0x1.9a66666666666p-3 9
TIME american-put/price 1 1 127986999.927 127991000.000 13475224.000
TIME american-put/price 2 1 127459999.989 127461000.000 13475224.000
TIME american-put/price 3 1 125660999.911 125664000.000 13475224.000
TIME american-put/solve 1 1 1186875000.014 1186819000.000 121295432.000
TIME american-put/solve 2 1 1148292999.947 1148285000.000 121295432.000
TIME american-put/solve 3 1 1184132000.082 1184094000.000 121295432.000
TIME american-put/end-to-end 1 1 1123836999.992 1123837000.000 121295904.000
TIME american-put/end-to-end 2 1 1116678999.970 1116579000.000 121295904.000
TIME american-put/end-to-end 3 1 1120683999.965 1120681000.000 121295904.000
