CHECK call-100-0.05-american 0x1.919999999999ap-3 0x1.9a66666666666p-3 9
TIME call-100-0.05-american/price 1 20 85800.001 85900.000 116661.600
TIME call-100-0.05-american/price 2 20 81699.999 81700.000 116661.600
TIME call-100-0.05-american/price 3 20 81800.000 81800.000 116661.600
TIME call-100-0.05-american/solve 1 20 805349.997 805400.000 1064685.600
TIME call-100-0.05-american/solve 2 20 782449.997 782450.000 1064685.600
TIME call-100-0.05-american/solve 3 20 773200.003 773200.000 1064685.600
TIME call-100-0.05-american/end-to-end 1 20 810099.998 810250.000 1065157.600
TIME call-100-0.05-american/end-to-end 2 20 802700.000 802800.000 1065157.600
TIME call-100-0.05-american/end-to-end 3 20 787450.001 787300.000 1065157.600
CHECK cash-terminal-american 0x1.919999999999ap-3 0x1.9a66666666666p-3 9
TIME cash-terminal-american/price 1 1 187108999.933 187111000.000 35601424.000
TIME cash-terminal-american/price 2 1 189318999.997 189299000.000 35601424.000
TIME cash-terminal-american/price 3 1 189435000.066 189433000.000 35601424.000
TIME cash-terminal-american/solve 1 1 1677599000.046 1677598000.000 320391264.000
TIME cash-terminal-american/solve 2 1 1661924000.015 1661866000.000 320391264.000
TIME cash-terminal-american/solve 3 1 1667914000.107 1667883000.000 320391264.000
TIME cash-terminal-american/end-to-end 1 1 1650413999.916 1650371000.000 320392192.000
TIME cash-terminal-american/end-to-end 2 1 1650538999.937 1650523000.000 320392192.000
TIME cash-terminal-american/end-to-end 3 1 1645591999.986 1645576000.000 320392192.000
CHECK american-put 0x1.919999999999ap-3 0x1.9a66666666666p-3 9
TIME american-put/price 1 1 122334000.072 122334000.000 13475224.000
TIME american-put/price 2 1 121322000.050 121323000.000 13475224.000
TIME american-put/price 3 1 122078000.102 122078000.000 13475224.000
TIME american-put/solve 1 1 1122551000.095 1122552000.000 121295432.000
TIME american-put/solve 2 1 1126660999.958 1126640000.000 121295432.000
TIME american-put/solve 3 1 1122116999.933 1122093000.000 121295432.000
TIME american-put/end-to-end 1 1 1127417000.011 1127411000.000 121295904.000
TIME american-put/end-to-end 2 1 1110079000.005 1110046000.000 121295904.000
TIME american-put/end-to-end 3 1 1110546999.960 1110533000.000 121295904.000
