CHECK call-100-0.05-american 0x1.919999999999ap-3 0x1.9a66666666666p-3 9
TIME call-100-0.05-american/price 1 20 87649.998 87950.000 116661.600
TIME call-100-0.05-american/price 2 20 87200.000 87200.000 116661.600
TIME call-100-0.05-american/price 3 20 89349.999 89400.000 116661.600
TIME call-100-0.05-american/solve 1 20 833799.999 833800.000 1064685.600
TIME call-100-0.05-american/solve 2 20 833350.001 833350.000 1064685.600
TIME call-100-0.05-american/solve 3 20 833400.001 833400.000 1064685.600
TIME call-100-0.05-american/end-to-end 1 20 832450.000 832500.000 1065157.600
TIME call-100-0.05-american/end-to-end 2 20 833450.002 833550.000 1065157.600
TIME call-100-0.05-american/end-to-end 3 20 833650.003 833700.000 1065157.600
CHECK cash-terminal-american 0x1.919999999999ap-3 0x1.9a66666666666p-3 9
TIME cash-terminal-american/price 1 1 194060000.009 194034000.000 35601424.000
TIME cash-terminal-american/price 2 1 199451999.972 199453000.000 35601424.000
TIME cash-terminal-american/price 3 1 193109999.993 193111000.000 35601424.000
TIME cash-terminal-american/solve 1 1 1745204000.035 1745112000.000 320391264.000
TIME cash-terminal-american/solve 2 1 1826075999.998 1825911000.000 320391264.000
TIME cash-terminal-american/solve 3 1 1898553000.065 1898193000.000 320391264.000
TIME cash-terminal-american/end-to-end 1 1 1859124999.959 1858985000.000 320392192.000
TIME cash-terminal-american/end-to-end 2 1 1720264000.003 1720201000.000 320392192.000
TIME cash-terminal-american/end-to-end 3 1 1776361000.026 1776203000.000 320392192.000
CHECK american-put 0x1.919999999999ap-3 0x1.9a66666666666p-3 9
TIME american-put/price 1 1 125905000.023 125811000.000 13475224.000
TIME american-put/price 2 1 144590000.040 144327000.000 13475224.000
TIME american-put/price 3 1 162652999.978 162418000.000 13475224.000
TIME american-put/solve 1 1 1123202000.046 1123162000.000 121295432.000
TIME american-put/solve 2 1 1114686999.936 1114615000.000 121295432.000
TIME american-put/solve 3 1 1111229000.031 1111198000.000 121295432.000
TIME american-put/end-to-end 1 1 1128366000.019 1128343000.000 121295904.000
TIME american-put/end-to-end 2 1 1129691000.096 1129355000.000 121295904.000
TIME american-put/end-to-end 3 1 1139670000.062 1139664000.000 121295904.000
