CHECK call-100-0.05-american 0x1.919999999999ap-3 0x1.9a66666666666p-3 9
TIME call-100-0.05-american/price 1 20 124650.000 124800.000 116661.600
TIME call-100-0.05-american/price 2 20 119849.999 119900.000 116661.600
TIME call-100-0.05-american/price 3 20 119849.999 119950.000 116661.600
TIME call-100-0.05-american/solve 1 20 952100.003 952150.000 1064685.600
TIME call-100-0.05-american/solve 2 20 812849.996 812900.000 1064685.600
TIME call-100-0.05-american/solve 3 20 742149.999 742100.000 1064685.600
TIME call-100-0.05-american/end-to-end 1 20 768050.004 768100.000 1065157.600
TIME call-100-0.05-american/end-to-end 2 20 767550.000 767600.000 1065157.600
TIME call-100-0.05-american/end-to-end 3 20 767799.997 767850.000 1065157.600
CHECK cash-terminal-american 0x1.919999999999ap-3 0x1.9a66666666666p-3 9
TIME cash-terminal-american/price 1 1 197868999.909 197820000.000 35601424.000
TIME cash-terminal-american/price 2 1 197130999.994 197115000.000 35601424.000
TIME cash-terminal-american/price 3 1 192244999.926 192241000.000 35601424.000
TIME cash-terminal-american/solve 1 1 1802612999.920 1802571000.000 320391264.000
TIME cash-terminal-american/solve 2 1 1754963999.963 1754881000.000 320391264.000
TIME cash-terminal-american/solve 3 1 1733381999.889 1733348000.000 320391264.000
TIME cash-terminal-american/end-to-end 1 1 1730090999.976 1730018000.000 320392192.000
TIME cash-terminal-american/end-to-end 2 1 1732992000.063 1732959000.000 320392192.000
TIME cash-terminal-american/end-to-end 3 1 1749371000.100 1749269000.000 320392192.000
CHECK american-put 0x1.919999999999ap-3 0x1.9a66666666666p-3 9
TIME american-put/price 1 1 124459999.963 124464000.000 13475224.000
TIME american-put/price 2 1 124143000.110 124144000.000 13475224.000
TIME american-put/price 3 1 126838000.026 126839000.000 13475224.000
TIME american-put/solve 1 1 1141989000.025 1141990000.000 121295432.000
TIME american-put/solve 2 1 1144150000.066 1144057000.000 121295432.000
TIME american-put/solve 3 1 1133735000.039 1133641000.000 121295432.000
TIME american-put/end-to-end 1 1 1133492999.943 1133444000.000 121295904.000
TIME american-put/end-to-end 2 1 1165890999.953 1165872000.000 121295904.000
TIME american-put/end-to-end 3 1 1158814000.082 1158770000.000 121295904.000
