File "fast_batch_coordinate.ml", line 17, characters 6-11:
17 |       sigma )
           ^^^^^
Error: The value "sigma" has type "Morphiq_risk.Vol.normal Morphiq_risk.Vol.t"
       but an expression was expected of type
         "Morphiq_risk__.Vol.lognormal Morphiq_risk__.Vol.t" =
           "Morphiq_risk__.Vol.lognormal Morphiq_risk.Vol.t"
       Type "Morphiq_risk.Vol.normal" is not compatible with type
         "Morphiq_risk__.Vol.lognormal" = "Morphiq_risk.Vol.lognormal"
