File "forge_admitted.ml", line 5, characters 2-53:
5 |   Black.Coordinates.Expiry { spot = 1.; strike = 1. }
      ^^^^^^^^^^^^^^^^^^^^^^^^^^^^^^^^^^^^^^^^^^^^^^^^^^^
Error: This constructor has type "Morphiq_risk.Black.Coordinates.t"
       but an expression was expected of type "Morphiq_risk.Black.Bsm.admitted"
