File "forge_american_estimate.ml", line 3, characters 53-74:
3 | let forge (p : Early_exercise.Bsm.estimated_price) = { p with value = 1. }
                                                         ^^^^^^^^^^^^^^^^^^^^^
Error: Cannot create values of the private type "Morphiq_risk.Early_exercise.Bsm.estimated_price"
